Archive member included to satisfy reference by file (symbol)

c:/st/stm32cubeide_1.9.0/stm32cubeide/plugins/com.st.stm32cube.ide.mcu.externaltools.gnu-tools-for-stm32.10.3-2021.10.win32_1.0.0.202111181127/tools/bin/../lib/gcc/arm-none-eabi/10.3.1/../../../../arm-none-eabi/lib/thumb/v7e-m+fp/hard\libc_nano.a(lib_a-errno.o)
                              ./Src/syscalls.o (__errno)
c:/st/stm32cubeide_1.9.0/stm32cubeide/plugins/com.st.stm32cube.ide.mcu.externaltools.gnu-tools-for-stm32.10.3-2021.10.win32_1.0.0.202111181127/tools/bin/../lib/gcc/arm-none-eabi/10.3.1/../../../../arm-none-eabi/lib/thumb/v7e-m+fp/hard\libc_nano.a(lib_a-exit.o)
                              c:/st/stm32cubeide_1.9.0/stm32cubeide/plugins/com.st.stm32cube.ide.mcu.externaltools.gnu-tools-for-stm32.10.3-2021.10.win32_1.0.0.202111181127/tools/bin/../lib/gcc/arm-none-eabi/10.3.1/../../../../arm-none-eabi/lib/thumb/v7e-m+fp/hard/crt0.o (exit)
c:/st/stm32cubeide_1.9.0/stm32cubeide/plugins/com.st.stm32cube.ide.mcu.externaltools.gnu-tools-for-stm32.10.3-2021.10.win32_1.0.0.202111181127/tools/bin/../lib/gcc/arm-none-eabi/10.3.1/../../../../arm-none-eabi/lib/thumb/v7e-m+fp/hard\libc_nano.a(lib_a-impure.o)
                              c:/st/stm32cubeide_1.9.0/stm32cubeide/plugins/com.st.stm32cube.ide.mcu.externaltools.gnu-tools-for-stm32.10.3-2021.10.win32_1.0.0.202111181127/tools/bin/../lib/gcc/arm-none-eabi/10.3.1/../../../../arm-none-eabi/lib/thumb/v7e-m+fp/hard\libc_nano.a(lib_a-exit.o) (_global_impure_ptr)
c:/st/stm32cubeide_1.9.0/stm32cubeide/plugins/com.st.stm32cube.ide.mcu.externaltools.gnu-tools-for-stm32.10.3-2021.10.win32_1.0.0.202111181127/tools/bin/../lib/gcc/arm-none-eabi/10.3.1/../../../../arm-none-eabi/lib/thumb/v7e-m+fp/hard\libc_nano.a(lib_a-init.o)
                              c:/st/stm32cubeide_1.9.0/stm32cubeide/plugins/com.st.stm32cube.ide.mcu.externaltools.gnu-tools-for-stm32.10.3-2021.10.win32_1.0.0.202111181127/tools/bin/../lib/gcc/arm-none-eabi/10.3.1/../../../../arm-none-eabi/lib/thumb/v7e-m+fp/hard/crt0.o (__libc_init_array)
c:/st/stm32cubeide_1.9.0/stm32cubeide/plugins/com.st.stm32cube.ide.mcu.externaltools.gnu-tools-for-stm32.10.3-2021.10.win32_1.0.0.202111181127/tools/bin/../lib/gcc/arm-none-eabi/10.3.1/../../../../arm-none-eabi/lib/thumb/v7e-m+fp/hard\libc_nano.a(lib_a-memset.o)
                              c:/st/stm32cubeide_1.9.0/stm32cubeide/plugins/com.st.stm32cube.ide.mcu.externaltools.gnu-tools-for-stm32.10.3-2021.10.win32_1.0.0.202111181127/tools/bin/../lib/gcc/arm-none-eabi/10.3.1/../../../../arm-none-eabi/lib/thumb/v7e-m+fp/hard/crt0.o (memset)
c:/st/stm32cubeide_1.9.0/stm32cubeide/plugins/com.st.stm32cube.ide.mcu.externaltools.gnu-tools-for-stm32.10.3-2021.10.win32_1.0.0.202111181127/tools/bin/../lib/gcc/arm-none-eabi/10.3.1/thumb/v7e-m+fp/hard\libgcc.a(_aeabi_uldivmod.o)
                              ./Drivers/STM32F4xx_HAL_Driver/Src/stm32f4xx_hal_rcc.o (__aeabi_uldivmod)
c:/st/stm32cubeide_1.9.0/stm32cubeide/plugins/com.st.stm32cube.ide.mcu.externaltools.gnu-tools-for-stm32.10.3-2021.10.win32_1.0.0.202111181127/tools/bin/../lib/gcc/arm-none-eabi/10.3.1/thumb/v7e-m+fp/hard\libgcc.a(_udivmoddi4.o)
                              c:/st/stm32cubeide_1.9.0/stm32cubeide/plugins/com.st.stm32cube.ide.mcu.externaltools.gnu-tools-for-stm32.10.3-2021.10.win32_1.0.0.202111181127/tools/bin/../lib/gcc/arm-none-eabi/10.3.1/thumb/v7e-m+fp/hard\libgcc.a(_aeabi_uldivmod.o) (__udivmoddi4)
c:/st/stm32cubeide_1.9.0/stm32cubeide/plugins/com.st.stm32cube.ide.mcu.externaltools.gnu-tools-for-stm32.10.3-2021.10.win32_1.0.0.202111181127/tools/bin/../lib/gcc/arm-none-eabi/10.3.1/thumb/v7e-m+fp/hard\libgcc.a(_dvmd_tls.o)
                              c:/st/stm32cubeide_1.9.0/stm32cubeide/plugins/com.st.stm32cube.ide.mcu.externaltools.gnu-tools-for-stm32.10.3-2021.10.win32_1.0.0.202111181127/tools/bin/../lib/gcc/arm-none-eabi/10.3.1/thumb/v7e-m+fp/hard\libgcc.a(_aeabi_uldivmod.o) (__aeabi_ldiv0)

Discarded input sections

 .text          0x0000000000000000        0x0 c:/st/stm32cubeide_1.9.0/stm32cubeide/plugins/com.st.stm32cube.ide.mcu.externaltools.gnu-tools-for-stm32.10.3-2021.10.win32_1.0.0.202111181127/tools/bin/../lib/gcc/arm-none-eabi/10.3.1/thumb/v7e-m+fp/hard/crti.o
 .data          0x0000000000000000        0x0 c:/st/stm32cubeide_1.9.0/stm32cubeide/plugins/com.st.stm32cube.ide.mcu.externaltools.gnu-tools-for-stm32.10.3-2021.10.win32_1.0.0.202111181127/tools/bin/../lib/gcc/arm-none-eabi/10.3.1/thumb/v7e-m+fp/hard/crti.o
 .bss           0x0000000000000000        0x0 c:/st/stm32cubeide_1.9.0/stm32cubeide/plugins/com.st.stm32cube.ide.mcu.externaltools.gnu-tools-for-stm32.10.3-2021.10.win32_1.0.0.202111181127/tools/bin/../lib/gcc/arm-none-eabi/10.3.1/thumb/v7e-m+fp/hard/crti.o
[...]
Memory Configuration

Name             Origin             Length             Attributes
CCMRAM           0x0000000010000000 0x0000000000010000 xrw
RAM              0x0000000020000000 0x0000000000030000 xrw
FLASH            0x0000000008000000 0x0000000000200000 xr
*default*        0x0000000000000000 0xffffffffffffffff

Linker script and memory map

LOAD c:/st/stm32cubeide_1.9.0/stm32cubeide/plugins/com.st.stm32cube.ide.mcu.externaltools.gnu-tools-for-stm32.10.3-2021.10.win32_1.0.0.202111181127/tools/bin/../lib/gcc/arm-none-eabi/10.3.1/thumb/v7e-m+fp/hard/crti.o
LOAD c:/st/stm32cubeide_1.9.0/stm32cubeide/plugins/com.st.stm32cube.ide.mcu.externaltools.gnu-tools-for-stm32.10.3-2021.10.win32_1.0.0.202111181127/tools/bin/../lib/gcc/arm-none-eabi/10.3.1/thumb/v7e-m+fp/hard/crtbegin.o
LOAD c:/st/stm32cubeide_1.9.0/stm32cubeide/plugins/com.st.stm32cube.ide.mcu.externaltools.gnu-tools-for-stm32.10.3-2021.10.win32_1.0.0.202111181127/tools/bin/../lib/gcc/arm-none-eabi/10.3.1/../../../../arm-none-eabi/lib/thumb/v7e-m+fp/hard/crt0.o
LOAD ./Drivers/BSP/STM32F4xx_Nucleo_144/Src/stm32f4xx_nucleo_144.o
LOAD ./Drivers/STM32F4xx_HAL_Driver/Src/stm32f4xx_hal.o
LOAD ./Drivers/STM32F4xx_HAL_Driver/Src/stm32f4xx_hal_cortex.o
LOAD ./Drivers/STM32F4xx_HAL_Driver/Src/stm32f4xx_hal_dma.o
LOAD ./Drivers/STM32F4xx_HAL_Driver/Src/stm32f4xx_hal_dma_ex.o
LOAD ./Drivers/STM32F4xx_HAL_Driver/Src/stm32f4xx_hal_eth.o
LOAD ./Drivers/STM32F4xx_HAL_Driver/Src/stm32f4xx_hal_exti.o
LOAD ./Drivers/STM32F4xx_HAL_Driver/Src/stm32f4xx_hal_flash.o
LOAD ./Drivers/STM32F4xx_HAL_Driver/Src/stm32f4xx_hal_flash_ex.o
LOAD ./Drivers/STM32F4xx_HAL_Driver/Src/stm32f4xx_hal_flash_ramfunc.o
LOAD ./Drivers/STM32F4xx_HAL_Driver/Src/stm32f4xx_hal_gpio.o
LOAD ./Drivers/STM32F4xx_HAL_Driver/Src/stm32f4xx_hal_pcd.o
LOAD ./Drivers/STM32F4xx_HAL_Driver/Src/stm32f4xx_hal_pcd_ex.o
LOAD ./Drivers/STM32F4xx_HAL_Driver/Src/stm32f4xx_hal_pwr.o
LOAD ./Drivers/STM32F4xx_HAL_Driver/Src/stm32f4xx_hal_pwr_ex.o
LOAD ./Drivers/STM32F4xx_HAL_Driver/Src/stm32f4xx_hal_rcc.o
LOAD ./Drivers/STM32F4xx_HAL_Driver/Src/stm32f4xx_hal_rcc_ex.o
LOAD ./Drivers/STM32F4xx_HAL_Driver/Src/stm32f4xx_hal_tim.o
LOAD ./Drivers/STM32F4xx_HAL_Driver/Src/stm32f4xx_hal_tim_ex.o
LOAD ./Drivers/STM32F4xx_HAL_Driver/Src/stm32f4xx_hal_uart.o
LOAD ./Drivers/STM32F4xx_HAL_Driver/Src/stm32f4xx_ll_usb.o
LOAD ./Src/eth.o
LOAD ./Src/gpio.o
LOAD ./Src/main.o
LOAD ./Src/stm32f4xx_hal_msp.o
LOAD ./Src/stm32f4xx_it.o
LOAD ./Src/syscalls.o
LOAD ./Src/sysmem.o
LOAD ./Src/system_stm32f4xx.o
LOAD ./Src/usart.o
LOAD ./Src/usb_otg.o
LOAD ./Startup/startup_stm32f429zitx.o
START GROUP
LOAD c:/st/stm32cubeide_1.9.0/stm32cubeide/plugins/com.st.stm32cube.ide.mcu.externaltools.gnu-tools-for-stm32.10.3-2021.10.win32_1.0.0.202111181127/tools/bin/../lib/gcc/arm-none-eabi/10.3.1/../../../../arm-none-eabi/lib/thumb/v7e-m+fp/hard\libc_nano.a
LOAD c:/st/stm32cubeide_1.9.0/stm32cubeide/plugins/com.st.stm32cube.ide.mcu.externaltools.gnu-tools-for-stm32.10.3-2021.10.win32_1.0.0.202111181127/tools/bin/../lib/gcc/arm-none-eabi/10.3.1/../../../../arm-none-eabi/lib/thumb/v7e-m+fp/hard\libm.a
END GROUP
START GROUP
LOAD c:/st/stm32cubeide_1.9.0/stm32cubeide/plugins/com.st.stm32cube.ide.mcu.externaltools.gnu-tools-for-stm32.10.3-2021.10.win32_1.0.0.202111181127/tools/bin/../lib/gcc/arm-none-eabi/10.3.1/thumb/v7e-m+fp/hard\libgcc.a
LOAD c:/st/stm32cubeide_1.9.0/stm32cubeide/plugins/com.st.stm32cube.ide.mcu.externaltools.gnu-tools-for-stm32.10.3-2021.10.win32_1.0.0.202111181127/tools/bin/../lib/gcc/arm-none-eabi/10.3.1/../../../../arm-none-eabi/lib/thumb/v7e-m+fp/hard\libc_nano.a
END GROUP
START GROUP
LOAD c:/st/stm32cubeide_1.9.0/stm32cubeide/plugins/com.st.stm32cube.ide.mcu.externaltools.gnu-tools-for-stm32.10.3-2021.10.win32_1.0.0.202111181127/tools/bin/../lib/gcc/arm-none-eabi/10.3.1/thumb/v7e-m+fp/hard\libgcc.a
LOAD c:/st/stm32cubeide_1.9.0/stm32cubeide/plugins/com.st.stm32cube.ide.mcu.externaltools.gnu-tools-for-stm32.10.3-2021.10.win32_1.0.0.202111181127/tools/bin/../lib/gcc/arm-none-eabi/10.3.1/../../../../arm-none-eabi/lib/thumb/v7e-m+fp/hard\libc_nano.a
LOAD c:/st/stm32cubeide_1.9.0/stm32cubeide/plugins/com.st.stm32cube.ide.mcu.externaltools.gnu-tools-for-stm32.10.3-2021.10.win32_1.0.0.202111181127/tools/bin/../lib/gcc/arm-none-eabi/10.3.1/../../../../arm-none-eabi/lib/thumb/v7e-m+fp/hard\libnosys.a
END GROUP
START GROUP
LOAD c:/st/stm32cubeide_1.9.0/stm32cubeide/plugins/com.st.stm32cube.ide.mcu.externaltools.gnu-tools-for-stm32.10.3-2021.10.win32_1.0.0.202111181127/tools/bin/../lib/gcc/arm-none-eabi/10.3.1/thumb/v7e-m+fp/hard\libgcc.a
LOAD c:/st/stm32cubeide_1.9.0/stm32cubeide/plugins/com.st.stm32cube.ide.mcu.externaltools.gnu-tools-for-stm32.10.3-2021.10.win32_1.0.0.202111181127/tools/bin/../lib/gcc/arm-none-eabi/10.3.1/../../../../arm-none-eabi/lib/thumb/v7e-m+fp/hard\libc_nano.a
LOAD c:/st/stm32cubeide_1.9.0/stm32cubeide/plugins/com.st.stm32cube.ide.mcu.externaltools.gnu-tools-for-stm32.10.3-2021.10.win32_1.0.0.202111181127/tools/bin/../lib/gcc/arm-none-eabi/10.3.1/../../../../arm-none-eabi/lib/thumb/v7e-m+fp/hard\libnosys.a
END GROUP
LOAD c:/st/stm32cubeide_1.9.0/stm32cubeide/plugins/com.st.stm32cube.ide.mcu.externaltools.gnu-tools-for-stm32.10.3-2021.10.win32_1.0.0.202111181127/tools/bin/../lib/gcc/arm-none-eabi/10.3.1/thumb/v7e-m+fp/hard/crtend.o
LOAD c:/st/stm32cubeide_1.9.0/stm32cubeide/plugins/com.st.stm32cube.ide.mcu.externaltools.gnu-tools-for-stm32.10.3-2021.10.win32_1.0.0.202111181127/tools/bin/../lib/gcc/arm-none-eabi/10.3.1/thumb/v7e-m+fp/hard/crtn.o
                0x0000000020030000                _estack = (ORIGIN (RAM) + LENGTH (RAM))
                0x0000000000000200                _Min_Heap_Size = 0x200
                0x0000000000000400                _Min_Stack_Size = 0x400

.isr_vector     0x0000000008000000      0x1ac
                0x0000000008000000                . = ALIGN (0x4)
 *(.isr_vector)
 .isr_vector    0x0000000008000000      0x1ac ./Startup/startup_stm32f429zitx.o
                0x0000000008000000                g_pfnVectors
                0x00000000080001ac                . = ALIGN (0x4)

.text           0x00000000080001ac     0x3748
                0x00000000080001ac                . = ALIGN (0x4)
 *(.text)
 .text          0x00000000080001ac       0x40 c:/st/stm32cubeide_1.9.0/stm32cubeide/plugins/com.st.stm32cube.ide.mcu.externaltools.gnu-tools-for-stm32.10.3-2021.10.win32_1.0.0.202111181127/tools/bin/../lib/gcc/arm-none-eabi/10.3.1/thumb/v7e-m+fp/hard/crtbegin.o
 .text          0x00000000080001ec       0x30 c:/st/stm32cubeide_1.9.0/stm32cubeide/plugins/com.st.stm32cube.ide.mcu.externaltools.gnu-tools-for-stm32.10.3-2021.10.win32_1.0.0.202111181127/tools/bin/../lib/gcc/arm-none-eabi/10.3.1/thumb/v7e-m+fp/hard\libgcc.a(_aeabi_uldivmod.o)
                0x00000000080001ec                __aeabi_uldivmod
 .text          0x000000000800021c      0x2d0 c:/st/stm32cubeide_1.9.0/stm32cubeide/plugins/com.st.stm32cube.ide.mcu.externaltools.gnu-tools-for-stm32.10.3-2021.10.win32_1.0.0.202111181127/tools/bin/../lib/gcc/arm-none-eabi/10.3.1/thumb/v7e-m+fp/hard\libgcc.a(_udivmoddi4.o)
                0x000000000800021c                __udivmoddi4
 .text          0x00000000080004ec        0x4 c:/st/stm32cubeide_1.9.0/stm32cubeide/plugins/com.st.stm32cube.ide.mcu.externaltools.gnu-tools-for-stm32.10.3-2021.10.win32_1.0.0.202111181127/tools/bin/../lib/gcc/arm-none-eabi/10.3.1/thumb/v7e-m+fp/hard\libgcc.a(_dvmd_tls.o)
                0x00000000080004ec                __aeabi_idiv0
                0x00000000080004ec                __aeabi_ldiv0
 *(.text*)
 .text.BSP_LED_On
                0x00000000080004f0       0x34 ./Drivers/BSP/STM32F4xx_Nucleo_144/Src/stm32f4xx_nucleo_144.o
                0x00000000080004f0                BSP_LED_On
 .text.HAL_Init
                0x0000000008000524       0x44 ./Drivers/STM32F4xx_HAL_Driver/Src/stm32f4xx_hal.o
                0x0000000008000524                HAL_Init
 .text.HAL_InitTick
                0x0000000008000568       0x60 ./Drivers/STM32F4xx_HAL_Driver/Src/stm32f4xx_hal.o
                0x0000000008000568                HAL_InitTick
 .text.HAL_IncTick
                0x00000000080005c8       0x28 ./Drivers/STM32F4xx_HAL_Driver/Src/stm32f4xx_hal.o
                0x00000000080005c8                HAL_IncTick
 .text.HAL_GetTick
                0x00000000080005f0       0x18 ./Drivers/STM32F4xx_HAL_Driver/Src/stm32f4xx_hal.o
                0x00000000080005f0                HAL_GetTick
 .text.HAL_Delay
                0x0000000008000608       0x48 ./Drivers/STM32F4xx_HAL_Driver/Src/stm32f4xx_hal.o
                0x0000000008000608                HAL_Delay
 .text.__NVIC_SetPriorityGrouping
                0x0000000008000650       0x48 ./Drivers/STM32F4xx_HAL_Driver/Src/stm32f4xx_hal_cortex.o
 .text.__NVIC_GetPriorityGrouping
                0x0000000008000698       0x1c ./Drivers/STM32F4xx_HAL_Driver/Src/stm32f4xx_hal_cortex.o
 .text.__NVIC_SetPriority
                0x00000000080006b4       0x54 ./Drivers/STM32F4xx_HAL_Driver/Src/stm32f4xx_hal_cortex.o
 .text.NVIC_EncodePriority
                0x0000000008000708       0x66 ./Drivers/STM32F4xx_HAL_Driver/Src/stm32f4xx_hal_cortex.o
 *fill*         0x000000000800076e        0x2 
 .text.SysTick_Config
                0x0000000008000770       0x44 ./Drivers/STM32F4xx_HAL_Driver/Src/stm32f4xx_hal_cortex.o
 .text.HAL_NVIC_SetPriorityGrouping
                0x00000000080007b4       0x40 ./Drivers/STM32F4xx_HAL_Driver/Src/stm32f4xx_hal_cortex.o
                0x00000000080007b4                HAL_NVIC_SetPriorityGrouping
 .text.HAL_NVIC_SetPriority
                0x00000000080007f4       0x58 ./Drivers/STM32F4xx_HAL_Driver/Src/stm32f4xx_hal_cortex.o
                0x00000000080007f4                HAL_NVIC_SetPriority
 .text.HAL_SYSTICK_Config
                0x000000000800084c       0x18 ./Drivers/STM32F4xx_HAL_Driver/Src/stm32f4xx_hal_cortex.o
                0x000000000800084c                HAL_SYSTICK_Config
 .text.HAL_ETH_Init
                0x0000000008000864       0xfc ./Drivers/STM32F4xx_HAL_Driver/Src/stm32f4xx_hal_eth.o
                0x0000000008000864                HAL_ETH_Init
 .text.ETH_SetMACConfig
                0x0000000008000960      0x138 ./Drivers/STM32F4xx_HAL_Driver/Src/stm32f4xx_hal_eth.o
 .text.ETH_SetDMAConfig
                0x0000000008000a98      0x114 ./Drivers/STM32F4xx_HAL_Driver/Src/stm32f4xx_hal_eth.o
 .text.ETH_MACDMAConfig
                0x0000000008000bac       0xe4 ./Drivers/STM32F4xx_HAL_Driver/Src/stm32f4xx_hal_eth.o
 .text.ETH_MACAddressConfig
                0x0000000008000c90       0x70 ./Drivers/STM32F4xx_HAL_Driver/Src/stm32f4xx_hal_eth.o
 .text.ETH_DMATxDescListInit
                0x0000000008000d00       0xb2 ./Drivers/STM32F4xx_HAL_Driver/Src/stm32f4xx_hal_eth.o
 .text.ETH_DMARxDescListInit
                0x0000000008000db2       0xda ./Drivers/STM32F4xx_HAL_Driver/Src/stm32f4xx_hal_eth.o
 .text.HAL_GPIO_Init
                0x0000000008000e8c      0x644 ./Drivers/STM32F4xx_HAL_Driver/Src/stm32f4xx_hal_gpio.o
                0x0000000008000e8c                HAL_GPIO_Init
 .text.HAL_GPIO_WritePin
                0x00000000080014d0       0x64 ./Drivers/STM32F4xx_HAL_Driver/Src/stm32f4xx_hal_gpio.o
                0x00000000080014d0                HAL_GPIO_WritePin
 .text.HAL_PCD_Init
                0x0000000008001534      0x260 ./Drivers/STM32F4xx_HAL_Driver/Src/stm32f4xx_hal_pcd.o
                0x0000000008001534                HAL_PCD_Init
 .text.HAL_RCC_OscConfig
                0x0000000008001794      0x650 ./Drivers/STM32F4xx_HAL_Driver/Src/stm32f4xx_hal_rcc.o
                0x0000000008001794                HAL_RCC_OscConfig
 .text.HAL_RCC_ClockConfig
                0x0000000008001de4      0x34c ./Drivers/STM32F4xx_HAL_Driver/Src/stm32f4xx_hal_rcc.o
                0x0000000008001de4                HAL_RCC_ClockConfig
 .text.HAL_RCC_GetSysClockFreq
                0x0000000008002130      0x20c ./Drivers/STM32F4xx_HAL_Driver/Src/stm32f4xx_hal_rcc.o
                0x0000000008002130                HAL_RCC_GetSysClockFreq
 .text.HAL_RCC_GetHCLKFreq
                0x000000000800233c       0x18 ./Drivers/STM32F4xx_HAL_Driver/Src/stm32f4xx_hal_rcc.o
                0x000000000800233c                HAL_RCC_GetHCLKFreq
 .text.HAL_RCC_GetPCLK1Freq
                0x0000000008002354       0x28 ./Drivers/STM32F4xx_HAL_Driver/Src/stm32f4xx_hal_rcc.o
                0x0000000008002354                HAL_RCC_GetPCLK1Freq
 .text.HAL_RCC_GetPCLK2Freq
                0x000000000800237c       0x28 ./Drivers/STM32F4xx_HAL_Driver/Src/stm32f4xx_hal_rcc.o
                0x000000000800237c                HAL_RCC_GetPCLK2Freq
 .text.HAL_UART_Init
                0x00000000080023a4      0x1bc ./Drivers/STM32F4xx_HAL_Driver/Src/stm32f4xx_hal_uart.o
                0x00000000080023a4                HAL_UART_Init
 .text.UART_SetConfig
                0x0000000008002560      0x574 ./Drivers/STM32F4xx_HAL_Driver/Src/stm32f4xx_hal_uart.o
 .text.USB_CoreInit
                0x0000000008002ad4       0xc2 ./Drivers/STM32F4xx_HAL_Driver/Src/stm32f4xx_ll_usb.o
                0x0000000008002ad4                USB_CoreInit
 .text.USB_DisableGlobalInt
                0x0000000008002b96       0x22 ./Drivers/STM32F4xx_HAL_Driver/Src/stm32f4xx_ll_usb.o
                0x0000000008002b96                USB_DisableGlobalInt
 .text.USB_SetCurrentMode
                0x0000000008002bb8       0x98 ./Drivers/STM32F4xx_HAL_Driver/Src/stm32f4xx_ll_usb.o
                0x0000000008002bb8                USB_SetCurrentMode
 .text.USB_DevInit
                0x0000000008002c50      0x2c8 ./Drivers/STM32F4xx_HAL_Driver/Src/stm32f4xx_ll_usb.o
                0x0000000008002c50                USB_DevInit
 .text.USB_FlushTxFifo
                0x0000000008002f18       0x68 ./Drivers/STM32F4xx_HAL_Driver/Src/stm32f4xx_ll_usb.o
                0x0000000008002f18                USB_FlushTxFifo
 .text.USB_FlushRxFifo
                0x0000000008002f80       0x60 ./Drivers/STM32F4xx_HAL_Driver/Src/stm32f4xx_ll_usb.o
                0x0000000008002f80                USB_FlushRxFifo
 .text.USB_SetDevSpeed
                0x0000000008002fe0       0x32 ./Drivers/STM32F4xx_HAL_Driver/Src/stm32f4xx_ll_usb.o
                0x0000000008002fe0                USB_SetDevSpeed
 .text.USB_DevDisconnect
                0x0000000008003012       0x42 ./Drivers/STM32F4xx_HAL_Driver/Src/stm32f4xx_ll_usb.o
                0x0000000008003012                USB_DevDisconnect
 .text.USB_GetMode
                0x0000000008003054       0x1c ./Drivers/STM32F4xx_HAL_Driver/Src/stm32f4xx_ll_usb.o
                0x0000000008003054                USB_GetMode
 .text.USB_CoreReset
                0x0000000008003070       0x68 ./Drivers/STM32F4xx_HAL_Driver/Src/stm32f4xx_ll_usb.o
 .text.MX_ETH_Init
                0x00000000080030d8       0x9c ./Src/eth.o
                0x00000000080030d8                MX_ETH_Init
 .text.HAL_ETH_MspInit
                0x0000000008003174      0x18c ./Src/eth.o
                0x0000000008003174                HAL_ETH_MspInit
 .text.MX_GPIO_Init
                0x0000000008003300      0x15c ./Src/gpio.o
                0x0000000008003300                MX_GPIO_Init
 .text.main     0x000000000800345c       0x24 ./Src/main.o
                0x000000000800345c                main
 .text.SystemClock_Config
                0x0000000008003480       0xd4 ./Src/main.o
                0x0000000008003480                SystemClock_Config
 .text.Error_Handler
                0x0000000008003554        0xa ./Src/main.o
                0x0000000008003554                Error_Handler
 .text.assert_failed
                0x000000000800355e       0x16 ./Src/main.o
                0x000000000800355e                assert_failed
 .text.HAL_MspInit
                0x0000000008003574       0x50 ./Src/stm32f4xx_hal_msp.o
                0x0000000008003574                HAL_MspInit
 .text.NMI_Handler
                0x00000000080035c4        0x6 ./Src/stm32f4xx_it.o
                0x00000000080035c4                NMI_Handler
 .text.HardFault_Handler
                0x00000000080035ca        0x6 ./Src/stm32f4xx_it.o
                0x00000000080035ca                HardFault_Handler
 .text.MemManage_Handler
                0x00000000080035d0        0x6 ./Src/stm32f4xx_it.o
                0x00000000080035d0                MemManage_Handler
 .text.BusFault_Handler
                0x00000000080035d6        0x6 ./Src/stm32f4xx_it.o
                0x00000000080035d6                BusFault_Handler
 .text.UsageFault_Handler
                0x00000000080035dc        0x6 ./Src/stm32f4xx_it.o
                0x00000000080035dc                UsageFault_Handler
 .text.SVC_Handler
                0x00000000080035e2        0xe ./Src/stm32f4xx_it.o
                0x00000000080035e2                SVC_Handler
 .text.DebugMon_Handler
                0x00000000080035f0        0xe ./Src/stm32f4xx_it.o
                0x00000000080035f0                DebugMon_Handler
 .text.PendSV_Handler
                0x00000000080035fe        0xe ./Src/stm32f4xx_it.o
                0x00000000080035fe                PendSV_Handler
 .text.SysTick_Handler
                0x000000000800360c        0xc ./Src/stm32f4xx_it.o
                0x000000000800360c                SysTick_Handler
 .text.SystemInit
                0x0000000008003618       0x24 ./Src/system_stm32f4xx.o
                0x0000000008003618                SystemInit
 .text.MX_USART3_UART_Init
                0x000000000800363c       0x54 ./Src/usart.o
                0x000000000800363c                MX_USART3_UART_Init
 .text.HAL_UART_MspInit
                0x0000000008003690       0x90 ./Src/usart.o
                0x0000000008003690                HAL_UART_MspInit
 .text.MX_USB_OTG_FS_PCD_Init
                0x0000000008003720       0x5c ./Src/usb_otg.o
                0x0000000008003720                MX_USB_OTG_FS_PCD_Init
 .text.HAL_PCD_MspInit
                0x000000000800377c       0xb4 ./Src/usb_otg.o
                0x000000000800377c                HAL_PCD_MspInit
 .text.Reset_Handler
                0x0000000008003830       0x50 ./Startup/startup_stm32f429zitx.o
                0x0000000008003830                Reset_Handler
 .text.Default_Handler
                0x0000000008003880        0x2 ./Startup/startup_stm32f429zitx.o
                0x0000000008003880                RTC_Alarm_IRQHandler
                0x0000000008003880                HASH_RNG_IRQHandler
                0x0000000008003880                EXTI2_IRQHandler
                0x0000000008003880                TIM8_CC_IRQHandler
                0x0000000008003880                UART8_IRQHandler
                0x0000000008003880                SPI4_IRQHandler
                0x0000000008003880                TIM1_CC_IRQHandler
                0x0000000008003880                DMA2_Stream5_IRQHandler
                0x0000000008003880                DMA1_Stream5_IRQHandler
                0x0000000008003880                PVD_IRQHandler
                0x0000000008003880                SDIO_IRQHandler
                0x0000000008003880                TAMP_STAMP_IRQHandler
                0x0000000008003880                CAN2_RX1_IRQHandler
                0x0000000008003880                EXTI3_IRQHandler
                0x0000000008003880                TIM8_TRG_COM_TIM14_IRQHandler
                0x0000000008003880                TIM1_UP_TIM10_IRQHandler
                0x0000000008003880                TIM8_UP_TIM13_IRQHandler
                0x0000000008003880                I2C3_ER_IRQHandler
                0x0000000008003880                EXTI0_IRQHandler
                0x0000000008003880                I2C2_EV_IRQHandler
                0x0000000008003880                DMA1_Stream2_IRQHandler
                0x0000000008003880                CAN1_RX0_IRQHandler
                0x0000000008003880                FPU_IRQHandler
                0x0000000008003880                OTG_HS_WKUP_IRQHandler
                0x0000000008003880                LTDC_ER_IRQHandler
                0x0000000008003880                CAN2_SCE_IRQHandler
                0x0000000008003880                DMA2_Stream2_IRQHandler
                0x0000000008003880                SPI1_IRQHandler
                0x0000000008003880                TIM6_DAC_IRQHandler
                0x0000000008003880                TIM1_BRK_TIM9_IRQHandler
                0x0000000008003880                DCMI_IRQHandler
                0x0000000008003880                CAN2_RX0_IRQHandler
                0x0000000008003880                DMA2_Stream3_IRQHandler
                0x0000000008003880                USART6_IRQHandler
                0x0000000008003880                USART3_IRQHandler
                0x0000000008003880                CAN1_RX1_IRQHandler
                0x0000000008003880                UART5_IRQHandler
                0x0000000008003880                DMA2_Stream0_IRQHandler
                0x0000000008003880                TIM4_IRQHandler
                0x0000000008003880                I2C1_EV_IRQHandler
                0x0000000008003880                DMA1_Stream6_IRQHandler
                0x0000000008003880                DMA1_Stream1_IRQHandler
                0x0000000008003880                UART4_IRQHandler
                0x0000000008003880                TIM3_IRQHandler
                0x0000000008003880                RCC_IRQHandler
                0x0000000008003880                TIM8_BRK_TIM12_IRQHandler
                0x0000000008003880                Default_Handler
                0x0000000008003880                EXTI15_10_IRQHandler
                0x0000000008003880                ADC_IRQHandler
                0x0000000008003880                DMA1_Stream7_IRQHandler
                0x0000000008003880                SPI5_IRQHandler
                0x0000000008003880                TIM7_IRQHandler
                0x0000000008003880                CAN2_TX_IRQHandler
                0x0000000008003880                TIM5_IRQHandler
                0x0000000008003880                DMA2_Stream7_IRQHandler
                0x0000000008003880                I2C3_EV_IRQHandler
                0x0000000008003880                EXTI9_5_IRQHandler
                0x0000000008003880                RTC_WKUP_IRQHandler
                0x0000000008003880                LTDC_IRQHandler
                0x0000000008003880                ETH_WKUP_IRQHandler
                0x0000000008003880                SPI2_IRQHandler
                0x0000000008003880                OTG_HS_EP1_IN_IRQHandler
                0x0000000008003880                DMA1_Stream0_IRQHandler
                0x0000000008003880                CAN1_TX_IRQHandler
                0x0000000008003880                EXTI4_IRQHandler
                0x0000000008003880                ETH_IRQHandler
                0x0000000008003880                OTG_HS_EP1_OUT_IRQHandler
                0x0000000008003880                WWDG_IRQHandler
                0x0000000008003880                SPI6_IRQHandler
                0x0000000008003880                TIM2_IRQHandler
                0x0000000008003880                OTG_FS_WKUP_IRQHandler
                0x0000000008003880                TIM1_TRG_COM_TIM11_IRQHandler
                0x0000000008003880                OTG_HS_IRQHandler
                0x0000000008003880                DMA2D_IRQHandler
                0x0000000008003880                EXTI1_IRQHandler
                0x0000000008003880                UART7_IRQHandler
                0x0000000008003880                USART2_IRQHandler
                0x0000000008003880                I2C2_ER_IRQHandler
                0x0000000008003880                DMA2_Stream1_IRQHandler
                0x0000000008003880                CAN1_SCE_IRQHandler
                0x0000000008003880                FLASH_IRQHandler
                0x0000000008003880                DMA2_Stream4_IRQHandler
                0x0000000008003880                USART1_IRQHandler
                0x0000000008003880                OTG_FS_IRQHandler
                0x0000000008003880                SPI3_IRQHandler
                0x0000000008003880                DMA1_Stream4_IRQHandler
                0x0000000008003880                I2C1_ER_IRQHandler
                0x0000000008003880                FMC_IRQHandler
                0x0000000008003880                DMA2_Stream6_IRQHandler
                0x0000000008003880                SAI1_IRQHandler
                0x0000000008003880                DMA1_Stream3_IRQHandler
 *fill*         0x0000000008003882        0x2 
 .text.__libc_init_array
                0x0000000008003884       0x48 c:/st/stm32cubeide_1.9.0/stm32cubeide/plugins/com.st.stm32cube.ide.mcu.externaltools.gnu-tools-for-stm32.10.3-2021.10.win32_1.0.0.202111181127/tools/bin/../lib/gcc/arm-none-eabi/10.3.1/../../../../arm-none-eabi/lib/thumb/v7e-m+fp/hard\libc_nano.a(lib_a-init.o)
                0x0000000008003884                __libc_init_array
 .text.memset   0x00000000080038cc       0x10 c:/st/stm32cubeide_1.9.0/stm32cubeide/plugins/com.st.stm32cube.ide.mcu.externaltools.gnu-tools-for-stm32.10.3-2021.10.win32_1.0.0.202111181127/tools/bin/../lib/gcc/arm-none-eabi/10.3.1/../../../../arm-none-eabi/lib/thumb/v7e-m+fp/hard\libc_nano.a(lib_a-memset.o)
                0x00000000080038cc                memset
 *(.glue_7)
 .glue_7        0x00000000080038dc        0x0 linker stubs
 *(.glue_7t)
 .glue_7t       0x00000000080038dc        0x0 linker stubs
 *(.eh_frame)
 .eh_frame      0x00000000080038dc        0x0 c:/st/stm32cubeide_1.9.0/stm32cubeide/plugins/com.st.stm32cube.ide.mcu.externaltools.gnu-tools-for-stm32.10.3-2021.10.win32_1.0.0.202111181127/tools/bin/../lib/gcc/arm-none-eabi/10.3.1/thumb/v7e-m+fp/hard/crtbegin.o
 *(.init)
 .init          0x00000000080038dc        0x4 c:/st/stm32cubeide_1.9.0/stm32cubeide/plugins/com.st.stm32cube.ide.mcu.externaltools.gnu-tools-for-stm32.10.3-2021.10.win32_1.0.0.202111181127/tools/bin/../lib/gcc/arm-none-eabi/10.3.1/thumb/v7e-m+fp/hard/crti.o
                0x00000000080038dc                _init
 .init          0x00000000080038e0        0x8 c:/st/stm32cubeide_1.9.0/stm32cubeide/plugins/com.st.stm32cube.ide.mcu.externaltools.gnu-tools-for-stm32.10.3-2021.10.win32_1.0.0.202111181127/tools/bin/../lib/gcc/arm-none-eabi/10.3.1/thumb/v7e-m+fp/hard/crtn.o
 *(.fini)
 .fini          0x00000000080038e8        0x4 c:/st/stm32cubeide_1.9.0/stm32cubeide/plugins/com.st.stm32cube.ide.mcu.externaltools.gnu-tools-for-stm32.10.3-2021.10.win32_1.0.0.202111181127/tools/bin/../lib/gcc/arm-none-eabi/10.3.1/thumb/v7e-m+fp/hard/crti.o
                0x00000000080038e8                _fini
 .fini          0x00000000080038ec        0x8 c:/st/stm32cubeide_1.9.0/stm32cubeide/plugins/com.st.stm32cube.ide.mcu.externaltools.gnu-tools-for-stm32.10.3-2021.10.win32_1.0.0.202111181127/tools/bin/../lib/gcc/arm-none-eabi/10.3.1/thumb/v7e-m+fp/hard/crtn.o
                0x00000000080038f4                . = ALIGN (0x4)
                0x00000000080038f4                _etext = .

.vfp11_veneer   0x00000000080038f4        0x0
 .vfp11_veneer  0x00000000080038f4        0x0 linker stubs

.v4_bx          0x00000000080038f4        0x0
 .v4_bx         0x00000000080038f4        0x0 linker stubs

.iplt           0x00000000080038f4        0x0
 .iplt          0x00000000080038f4        0x0 c:/st/stm32cubeide_1.9.0/stm32cubeide/plugins/com.st.stm32cube.ide.mcu.externaltools.gnu-tools-for-stm32.10.3-2021.10.win32_1.0.0.202111181127/tools/bin/../lib/gcc/arm-none-eabi/10.3.1/thumb/v7e-m+fp/hard/crtbegin.o

.rodata         0x00000000080038f4      0x144
                0x00000000080038f4                . = ALIGN (0x4)
 *(.rodata)
 .rodata        0x00000000080038f4       0x3b ./Drivers/STM32F4xx_HAL_Driver/Src/stm32f4xx_hal_cortex.o
 *fill*         0x000000000800392f        0x1 
 .rodata        0x0000000008003930       0x39 ./Drivers/STM32F4xx_HAL_Driver/Src/stm32f4xx_hal_gpio.o
 *fill*         0x0000000008003969        0x3 
 .rodata        0x000000000800396c       0x38 ./Drivers/STM32F4xx_HAL_Driver/Src/stm32f4xx_hal_pcd.o
 .rodata        0x00000000080039a4       0x38 ./Drivers/STM32F4xx_HAL_Driver/Src/stm32f4xx_hal_rcc.o
 .rodata        0x00000000080039dc       0x39 ./Drivers/STM32F4xx_HAL_Driver/Src/stm32f4xx_hal_uart.o
 *(.rodata*)
 *fill*         0x0000000008003a15        0x3 
 .rodata.GPIO_PIN
                0x0000000008003a18        0x6 ./Drivers/BSP/STM32F4xx_Nucleo_144/Src/stm32f4xx_nucleo_144.o
                0x0000000008003a18                GPIO_PIN
 *fill*         0x0000000008003a1e        0x2 
 .rodata.AHBPrescTable
                0x0000000008003a20       0x10 ./Src/system_stm32f4xx.o
                0x0000000008003a20                AHBPrescTable
 .rodata.APBPrescTable
                0x0000000008003a30        0x8 ./Src/system_stm32f4xx.o
                0x0000000008003a30                APBPrescTable
                0x0000000008003a38                . = ALIGN (0x4)

.ARM.extab      0x0000000008003a38        0x0
                0x0000000008003a38                . = ALIGN (0x4)
 *(.ARM.extab* .gnu.linkonce.armextab.*)
                0x0000000008003a38                . = ALIGN (0x4)

.ARM            0x0000000008003a38        0x8
                0x0000000008003a38                . = ALIGN (0x4)
                0x0000000008003a38                __exidx_start = .
 *(.ARM.exidx*)
 .ARM.exidx     0x0000000008003a38        0x8 c:/st/stm32cubeide_1.9.0/stm32cubeide/plugins/com.st.stm32cube.ide.mcu.externaltools.gnu-tools-for-stm32.10.3-2021.10.win32_1.0.0.202111181127/tools/bin/../lib/gcc/arm-none-eabi/10.3.1/thumb/v7e-m+fp/hard\libgcc.a(_udivmoddi4.o)
                0x0000000008003a40                __exidx_end = .
                0x0000000008003a40                . = ALIGN (0x4)

.rel.dyn        0x0000000008003a40        0x0
 .rel.iplt      0x0000000008003a40        0x0 c:/st/stm32cubeide_1.9.0/stm32cubeide/plugins/com.st.stm32cube.ide.mcu.externaltools.gnu-tools-for-stm32.10.3-2021.10.win32_1.0.0.202111181127/tools/bin/../lib/gcc/arm-none-eabi/10.3.1/thumb/v7e-m+fp/hard/crtbegin.o

.preinit_array  0x0000000008003a40        0x0
                0x0000000008003a40                . = ALIGN (0x4)
                0x0000000008003a40                PROVIDE (__preinit_array_start = .)
 *(.preinit_array*)
                0x0000000008003a40                PROVIDE (__preinit_array_end = .)
                0x0000000008003a40                . = ALIGN (0x4)

.init_array     0x0000000008003a40        0x4
                0x0000000008003a40                . = ALIGN (0x4)
                0x0000000008003a40                PROVIDE (__init_array_start = .)
 *(SORT_BY_NAME(.init_array.*))
 *(.init_array*)
 .init_array    0x0000000008003a40        0x4 c:/st/stm32cubeide_1.9.0/stm32cubeide/plugins/com.st.stm32cube.ide.mcu.externaltools.gnu-tools-for-stm32.10.3-2021.10.win32_1.0.0.202111181127/tools/bin/../lib/gcc/arm-none-eabi/10.3.1/thumb/v7e-m+fp/hard/crtbegin.o
                0x0000000008003a44                PROVIDE (__init_array_end = .)
                0x0000000008003a44                . = ALIGN (0x4)

.fini_array     0x0000000008003a44        0x4
                0x0000000008003a44                . = ALIGN (0x4)
                [!provide]                        PROVIDE (__fini_array_start = .)
 *(SORT_BY_NAME(.fini_array.*))
 *(.fini_array*)
 .fini_array    0x0000000008003a44        0x4 c:/st/stm32cubeide_1.9.0/stm32cubeide/plugins/com.st.stm32cube.ide.mcu.externaltools.gnu-tools-for-stm32.10.3-2021.10.win32_1.0.0.202111181127/tools/bin/../lib/gcc/arm-none-eabi/10.3.1/thumb/v7e-m+fp/hard/crtbegin.o
                [!provide]                        PROVIDE (__fini_array_end = .)
                0x0000000008003a48                . = ALIGN (0x4)
                0x0000000008003a48                _sidata = LOADADDR (.data)

.data           0x0000000020000000       0x18 load address 0x0000000008003a48
                0x0000000020000000                . = ALIGN (0x4)
                0x0000000020000000                _sdata = .
 *(.data)
 *(.data*)
 .data.GPIO_PORT
                0x0000000020000000        0xc ./Drivers/BSP/STM32F4xx_Nucleo_144/Src/stm32f4xx_nucleo_144.o
                0x0000000020000000                GPIO_PORT
 .data.uwTickPrio
                0x000000002000000c        0x4 ./Drivers/STM32F4xx_HAL_Driver/Src/stm32f4xx_hal.o
                0x000000002000000c                uwTickPrio
 .data.uwTickFreq
                0x0000000020000010        0x1 ./Drivers/STM32F4xx_HAL_Driver/Src/stm32f4xx_hal.o
                0x0000000020000010                uwTickFreq
 *fill*         0x0000000020000011        0x3 
 .data.SystemCoreClock
                0x0000000020000014        0x4 ./Src/system_stm32f4xx.o
                0x0000000020000014                SystemCoreClock
 *(.RamFunc)
 *(.RamFunc*)
                0x0000000020000018                . = ALIGN (0x4)
                0x0000000020000018                _edata = .
                0x0000000008003a60                _siccmram = LOADADDR (.ccmram)

.igot.plt       0x0000000020000018        0x0 load address 0x0000000008003a60
 .igot.plt      0x0000000020000018        0x0 c:/st/stm32cubeide_1.9.0/stm32cubeide/plugins/com.st.stm32cube.ide.mcu.externaltools.gnu-tools-for-stm32.10.3-2021.10.win32_1.0.0.202111181127/tools/bin/../lib/gcc/arm-none-eabi/10.3.1/thumb/v7e-m+fp/hard/crtbegin.o

.ccmram         0x0000000010000000        0x0 load address 0x0000000008003a60
                0x0000000010000000                . = ALIGN (0x4)
                0x0000000010000000                _sccmram = .
 *(.ccmram)
 *(.ccmram*)
                0x0000000010000000                . = ALIGN (0x4)
                0x0000000010000000                _eccmram = .
                0x0000000010000000                . = ALIGN (0x4)

.bss            0x0000000020000018      0x7a0
                0x0000000020000018                _sbss = .
                0x0000000020000018                __bss_start__ = _sbss
 *(.bss)
 .bss           0x0000000020000018       0x1c c:/st/stm32cubeide_1.9.0/stm32cubeide/plugins/com.st.stm32cube.ide.mcu.externaltools.gnu-tools-for-stm32.10.3-2021.10.win32_1.0.0.202111181127/tools/bin/../lib/gcc/arm-none-eabi/10.3.1/thumb/v7e-m+fp/hard/crtbegin.o
 *(.bss*)
 .bss.uwTick    0x0000000020000034        0x4 ./Drivers/STM32F4xx_HAL_Driver/Src/stm32f4xx_hal.o
                0x0000000020000034                uwTick
 .bss.DMARxDscrTab
                0x0000000020000038       0xa0 ./Src/eth.o
                0x0000000020000038                DMARxDscrTab
 .bss.DMATxDscrTab
                0x00000000200000d8       0xa0 ./Src/eth.o
                0x00000000200000d8                DMATxDscrTab
 .bss.TxConfig  0x0000000020000178       0x38 ./Src/eth.o
                0x0000000020000178                TxConfig
 .bss.heth      0x00000000200001b0       0xb0 ./Src/eth.o
                0x00000000200001b0                heth
 .bss.MACAddr.0
                0x0000000020000260        0x6 ./Src/eth.o
 *fill*         0x0000000020000266        0x2 
 .bss.huart3    0x0000000020000268       0x44 ./Src/usart.o
                0x0000000020000268                huart3
 .bss.hpcd_USB_OTG_FS
                0x00000000200002ac      0x50c ./Src/usb_otg.o
                0x00000000200002ac                hpcd_USB_OTG_FS
 *(COMMON)
                0x00000000200007b8                . = ALIGN (0x4)
                0x00000000200007b8                _ebss = .
                0x00000000200007b8                __bss_end__ = _ebss

._user_heap_stack
                0x00000000200007b8      0x600
                0x00000000200007b8                . = ALIGN (0x8)
                [!provide]                        PROVIDE (end = .)
                0x00000000200007b8                PROVIDE (_end = .)
                0x00000000200009b8                . = (. + _Min_Heap_Size)
 *fill*         0x00000000200007b8      0x200 
                0x0000000020000db8                . = (. + _Min_Stack_Size)
 *fill*         0x00000000200009b8      0x400 
                0x0000000020000db8                . = ALIGN (0x8)

/DISCARD/
 libc.a(*)
 libm.a(*)
 libgcc.a(*)

.ARM.attributes
                0x0000000000000000       0x30
 *(.ARM.attributes)
 .ARM.attributes
                0x0000000000000000       0x1e c:/st/stm32cubeide_1.9.0/stm32cubeide/plugins/com.st.stm32cube.ide.mcu.externaltools.gnu-tools-for-stm32.10.3-2021.10.win32_1.0.0.202111181127/tools/bin/../lib/gcc/arm-none-eabi/10.3.1/thumb/v7e-m+fp/hard/crti.o
 .ARM.attributes
                0x000000000000001e       0x34 c:/st/stm32cubeide_1.9.0/stm32cubeide/plugins/com.st.stm32cube.ide.mcu.externaltools.gnu-tools-for-stm32.10.3-2021.10.win32_1.0.0.202111181127/tools/bin/../lib/gcc/arm-none-eabi/10.3.1/thumb/v7e-m+fp/hard/crtbegin.o
 .ARM.attributes
                0x0000000000000052       0x34 ./Drivers/BSP/STM32F4xx_Nucleo_144/Src/stm32f4xx_nucleo_144.o
 .ARM.attributes
                0x0000000000000086       0x34 ./Drivers/STM32F4xx_HAL_Driver/Src/stm32f4xx_hal.o
 .ARM.attributes
                0x00000000000000ba       0x34 ./Drivers/STM32F4xx_HAL_Driver/Src/stm32f4xx_hal_cortex.o
 .ARM.attributes
                0x00000000000000ee       0x34 ./Drivers/STM32F4xx_HAL_Driver/Src/stm32f4xx_hal_eth.o
 .ARM.attributes
                0x0000000000000122       0x34 ./Drivers/STM32F4xx_HAL_Driver/Src/stm32f4xx_hal_gpio.o
 .ARM.attributes
                0x0000000000000156       0x34 ./Drivers/STM32F4xx_HAL_Driver/Src/stm32f4xx_hal_pcd.o
 .ARM.attributes
                0x000000000000018a       0x34 ./Drivers/STM32F4xx_HAL_Driver/Src/stm32f4xx_hal_rcc.o
 .ARM.attributes
                0x00000000000001be       0x34 ./Drivers/STM32F4xx_HAL_Driver/Src/stm32f4xx_hal_uart.o
 .ARM.attributes
                0x00000000000001f2       0x34 ./Drivers/STM32F4xx_HAL_Driver/Src/stm32f4xx_ll_usb.o
 .ARM.attributes
                0x0000000000000226       0x34 ./Src/eth.o
 .ARM.attributes
                0x000000000000025a       0x34 ./Src/gpio.o
 .ARM.attributes
                0x000000000000028e       0x34 ./Src/main.o
 .ARM.attributes
                0x00000000000002c2       0x34 ./Src/stm32f4xx_hal_msp.o
 .ARM.attributes
                0x00000000000002f6       0x34 ./Src/stm32f4xx_it.o
 .ARM.attributes
                0x000000000000032a       0x34 ./Src/system_stm32f4xx.o
 .ARM.attributes
                0x000000000000035e       0x34 ./Src/usart.o
 .ARM.attributes
                0x0000000000000392       0x34 ./Src/usb_otg.o
 .ARM.attributes
                0x00000000000003c6       0x21 ./Startup/startup_stm32f429zitx.o
 .ARM.attributes
                0x00000000000003e7       0x34 c:/st/stm32cubeide_1.9.0/stm32cubeide/plugins/com.st.stm32cube.ide.mcu.externaltools.gnu-tools-for-stm32.10.3-2021.10.win32_1.0.0.202111181127/tools/bin/../lib/gcc/arm-none-eabi/10.3.1/../../../../arm-none-eabi/lib/thumb/v7e-m+fp/hard\libc_nano.a(lib_a-init.o)
 .ARM.attributes
                0x000000000000041b       0x34 c:/st/stm32cubeide_1.9.0/stm32cubeide/plugins/com.st.stm32cube.ide.mcu.externaltools.gnu-tools-for-stm32.10.3-2021.10.win32_1.0.0.202111181127/tools/bin/../lib/gcc/arm-none-eabi/10.3.1/../../../../arm-none-eabi/lib/thumb/v7e-m+fp/hard\libc_nano.a(lib_a-memset.o)
 .ARM.attributes
                0x000000000000044f       0x1e c:/st/stm32cubeide_1.9.0/stm32cubeide/plugins/com.st.stm32cube.ide.mcu.externaltools.gnu-tools-for-stm32.10.3-2021.10.win32_1.0.0.202111181127/tools/bin/../lib/gcc/arm-none-eabi/10.3.1/thumb/v7e-m+fp/hard\libgcc.a(_aeabi_uldivmod.o)
 .ARM.attributes
                0x000000000000046d       0x34 c:/st/stm32cubeide_1.9.0/stm32cubeide/plugins/com.st.stm32cube.ide.mcu.externaltools.gnu-tools-for-stm32.10.3-2021.10.win32_1.0.0.202111181127/tools/bin/../lib/gcc/arm-none-eabi/10.3.1/thumb/v7e-m+fp/hard\libgcc.a(_udivmoddi4.o)
 .ARM.attributes
                0x00000000000004a1       0x1e c:/st/stm32cubeide_1.9.0/stm32cubeide/plugins/com.st.stm32cube.ide.mcu.externaltools.gnu-tools-for-stm32.10.3-2021.10.win32_1.0.0.202111181127/tools/bin/../lib/gcc/arm-none-eabi/10.3.1/thumb/v7e-m+fp/hard\libgcc.a(_dvmd_tls.o)
 .ARM.attributes
                0x00000000000004bf       0x1e c:/st/stm32cubeide_1.9.0/stm32cubeide/plugins/com.st.stm32cube.ide.mcu.externaltools.gnu-tools-for-stm32.10.3-2021.10.win32_1.0.0.202111181127/tools/bin/../lib/gcc/arm-none-eabi/10.3.1/thumb/v7e-m+fp/hard/crtn.o
OUTPUT(Base_CubeMX_SOdTR_rev1.1.elf elf32-littlearm)
LOAD linker stubs
LOAD c:/st/stm32cubeide_1.9.0/stm32cubeide/plugins/com.st.stm32cube.ide.mcu.externaltools.gnu-tools-for-stm32.10.3-2021.10.win32_1.0.0.202111181127/tools/bin/../lib/gcc/arm-none-eabi/10.3.1/../../../../arm-none-eabi/lib/thumb/v7e-m+fp/hard\libc.a
LOAD c:/st/stm32cubeide_1.9.0/stm32cubeide/plugins/com.st.stm32cube.ide.mcu.externaltools.gnu-tools-for-stm32.10.3-2021.10.win32_1.0.0.202111181127/tools/bin/../lib/gcc/arm-none-eabi/10.3.1/../../../../arm-none-eabi/lib/thumb/v7e-m+fp/hard\libm.a
LOAD c:/st/stm32cubeide_1.9.0/stm32cubeide/plugins/com.st.stm32cube.ide.mcu.externaltools.gnu-tools-for-stm32.10.3-2021.10.win32_1.0.0.202111181127/tools/bin/../lib/gcc/arm-none-eabi/10.3.1/thumb/v7e-m+fp/hard\libgcc.a

.debug_info     0x0000000000000000     0xf036
 .debug_info    0x0000000000000000      0xa44 ./Drivers/BSP/STM32F4xx_Nucleo_144/Src/stm32f4xx_nucleo_144.o
 .debug_info    0x0000000000000a44      0xa2a ./Drivers/STM32F4xx_HAL_Driver/Src/stm32f4xx_hal.o
 .debug_info    0x000000000000146e      0xe87 ./Drivers/STM32F4xx_HAL_Driver/Src/stm32f4xx_hal_cortex.o
 .debug_info    0x00000000000022f5     0x21c9 ./Drivers/STM32F4xx_HAL_Driver/Src/stm32f4xx_hal_eth.o
 .debug_info    0x00000000000044be      0x7a4 ./Drivers/STM32F4xx_HAL_Driver/Src/stm32f4xx_hal_gpio.o
 .debug_info    0x0000000000004c62     0x16ad ./Drivers/STM32F4xx_HAL_Driver/Src/stm32f4xx_hal_pcd.o
 .debug_info    0x000000000000630f      0x9a0 ./Drivers/STM32F4xx_HAL_Driver/Src/stm32f4xx_hal_rcc.o
 .debug_info    0x0000000000006caf     0x31d4 ./Drivers/STM32F4xx_HAL_Driver/Src/stm32f4xx_hal_uart.o
 .debug_info    0x0000000000009e83     0x1a97 ./Drivers/STM32F4xx_HAL_Driver/Src/stm32f4xx_ll_usb.o
 .debug_info    0x000000000000b91a      0xfd1 ./Src/eth.o
 .debug_info    0x000000000000c8eb      0x4c7 ./Src/gpio.o
 .debug_info    0x000000000000cdb2      0x5d1 ./Src/main.o
 .debug_info    0x000000000000d383      0x2c4 ./Src/stm32f4xx_hal_msp.o
 .debug_info    0x000000000000d647      0x121 ./Src/stm32f4xx_it.o
 .debug_info    0x000000000000d768      0x53f ./Src/system_stm32f4xx.o
 .debug_info    0x000000000000dca7      0x9bc ./Src/usart.o
 .debug_info    0x000000000000e663      0x9b1 ./Src/usb_otg.o
 .debug_info    0x000000000000f014       0x22 ./Startup/startup_stm32f429zitx.o

.debug_abbrev   0x0000000000000000     0x231a
 .debug_abbrev  0x0000000000000000      0x220 ./Drivers/BSP/STM32F4xx_Nucleo_144/Src/stm32f4xx_nucleo_144.o
 .debug_abbrev  0x0000000000000220      0x216 ./Drivers/STM32F4xx_HAL_Driver/Src/stm32f4xx_hal.o
 .debug_abbrev  0x0000000000000436      0x332 ./Drivers/STM32F4xx_HAL_Driver/Src/stm32f4xx_hal_cortex.o
 .debug_abbrev  0x0000000000000768      0x2d3 ./Drivers/STM32F4xx_HAL_Driver/Src/stm32f4xx_hal_eth.o
 .debug_abbrev  0x0000000000000a3b      0x1e0 ./Drivers/STM32F4xx_HAL_Driver/Src/stm32f4xx_hal_gpio.o
 .debug_abbrev  0x0000000000000c1b      0x2d0 ./Drivers/STM32F4xx_HAL_Driver/Src/stm32f4xx_hal_pcd.o
 .debug_abbrev  0x0000000000000eeb      0x2bf ./Drivers/STM32F4xx_HAL_Driver/Src/stm32f4xx_hal_rcc.o
 .debug_abbrev  0x00000000000011aa      0x309 ./Drivers/STM32F4xx_HAL_Driver/Src/stm32f4xx_hal_uart.o
 .debug_abbrev  0x00000000000014b3      0x296 ./Drivers/STM32F4xx_HAL_Driver/Src/stm32f4xx_ll_usb.o
 .debug_abbrev  0x0000000000001749      0x23c ./Src/eth.o
 .debug_abbrev  0x0000000000001985      0x146 ./Src/gpio.o
 .debug_abbrev  0x0000000000001acb      0x1f2 ./Src/main.o
 .debug_abbrev  0x0000000000001cbd       0xd4 ./Src/stm32f4xx_hal_msp.o
 .debug_abbrev  0x0000000000001d91       0x74 ./Src/stm32f4xx_it.o
 .debug_abbrev  0x0000000000001e05      0x116 ./Src/system_stm32f4xx.o
 .debug_abbrev  0x0000000000001f1b      0x1e7 ./Src/usart.o
 .debug_abbrev  0x0000000000002102      0x206 ./Src/usb_otg.o
 .debug_abbrev  0x0000000000002308       0x12 ./Startup/startup_stm32f429zitx.o

.debug_aranges  0x0000000000000000      0xbd8
 .debug_aranges
                0x0000000000000000       0x60 ./Drivers/BSP/STM32F4xx_Nucleo_144/Src/stm32f4xx_nucleo_144.o
 .debug_aranges
                0x0000000000000060      0x100 ./Drivers/STM32F4xx_HAL_Driver/Src/stm32f4xx_hal.o
 .debug_aranges
                0x0000000000000160      0x118 ./Drivers/STM32F4xx_HAL_Driver/Src/stm32f4xx_hal_cortex.o
 .debug_aranges
                0x0000000000000278      0x1e0 ./Drivers/STM32F4xx_HAL_Driver/Src/stm32f4xx_hal_eth.o
 .debug_aranges
                0x0000000000000458       0x58 ./Drivers/STM32F4xx_HAL_Driver/Src/stm32f4xx_hal_gpio.o
 .debug_aranges
                0x00000000000004b0      0x148 ./Drivers/STM32F4xx_HAL_Driver/Src/stm32f4xx_hal_pcd.o
 .debug_aranges
                0x00000000000005f8       0x88 ./Drivers/STM32F4xx_HAL_Driver/Src/stm32f4xx_hal_rcc.o
 .debug_aranges
                0x0000000000000680      0x200 ./Drivers/STM32F4xx_HAL_Driver/Src/stm32f4xx_hal_uart.o
 .debug_aranges
                0x0000000000000880      0x1a0 ./Drivers/STM32F4xx_HAL_Driver/Src/stm32f4xx_ll_usb.o
 .debug_aranges
                0x0000000000000a20       0x30 ./Src/eth.o
 .debug_aranges
                0x0000000000000a50       0x20 ./Src/gpio.o
 .debug_aranges
                0x0000000000000a70       0x38 ./Src/main.o
 .debug_aranges
                0x0000000000000aa8       0x20 ./Src/stm32f4xx_hal_msp.o
 .debug_aranges
                0x0000000000000ac8       0x60 ./Src/stm32f4xx_it.o
 .debug_aranges
                0x0000000000000b28       0x28 ./Src/system_stm32f4xx.o
 .debug_aranges
                0x0000000000000b50       0x30 ./Src/usart.o
 .debug_aranges
                0x0000000000000b80       0x30 ./Src/usb_otg.o
 .debug_aranges
                0x0000000000000bb0       0x28 ./Startup/startup_stm32f429zitx.o

.debug_ranges   0x0000000000000000      0xaf0
 .debug_ranges  0x0000000000000000       0x50 ./Drivers/BSP/STM32F4xx_Nucleo_144/Src/stm32f4xx_nucleo_144.o
 .debug_ranges  0x0000000000000050       0xf0 ./Drivers/STM32F4xx_HAL_Driver/Src/stm32f4xx_hal.o
 .debug_ranges  0x0000000000000140      0x108 ./Drivers/STM32F4xx_HAL_Driver/Src/stm32f4xx_hal_cortex.o
 .debug_ranges  0x0000000000000248      0x1d0 ./Drivers/STM32F4xx_HAL_Driver/Src/stm32f4xx_hal_eth.o
 .debug_ranges  0x0000000000000418       0x48 ./Drivers/STM32F4xx_HAL_Driver/Src/stm32f4xx_hal_gpio.o
 .debug_ranges  0x0000000000000460      0x138 ./Drivers/STM32F4xx_HAL_Driver/Src/stm32f4xx_hal_pcd.o
 .debug_ranges  0x0000000000000598       0x78 ./Drivers/STM32F4xx_HAL_Driver/Src/stm32f4xx_hal_rcc.o
 .debug_ranges  0x0000000000000610      0x220 ./Drivers/STM32F4xx_HAL_Driver/Src/stm32f4xx_hal_uart.o
 .debug_ranges  0x0000000000000830      0x190 ./Drivers/STM32F4xx_HAL_Driver/Src/stm32f4xx_ll_usb.o
 .debug_ranges  0x00000000000009c0       0x20 ./Src/eth.o
 .debug_ranges  0x00000000000009e0       0x10 ./Src/gpio.o
 .debug_ranges  0x00000000000009f0       0x28 ./Src/main.o
 .debug_ranges  0x0000000000000a18       0x10 ./Src/stm32f4xx_hal_msp.o
 .debug_ranges  0x0000000000000a28       0x50 ./Src/stm32f4xx_it.o
 .debug_ranges  0x0000000000000a78       0x18 ./Src/system_stm32f4xx.o
 .debug_ranges  0x0000000000000a90       0x20 ./Src/usart.o
 .debug_ranges  0x0000000000000ab0       0x20 ./Src/usb_otg.o
 .debug_ranges  0x0000000000000ad0       0x20 ./Startup/startup_stm32f429zitx.o

.debug_macro    0x0000000000000000    0x24840
 .debug_macro   0x0000000000000000      0x221 ./Drivers/BSP/STM32F4xx_Nucleo_144/Src/stm32f4xx_nucleo_144.o
 .debug_macro   0x0000000000000221      0xa78 ./Drivers/BSP/STM32F4xx_Nucleo_144/Src/stm32f4xx_nucleo_144.o
 .debug_macro   0x0000000000000c99      0x2b6 ./Drivers/BSP/STM32F4xx_Nucleo_144/Src/stm32f4xx_nucleo_144.o
 .debug_macro   0x0000000000000f4f       0x2e ./Drivers/BSP/STM32F4xx_Nucleo_144/Src/stm32f4xx_nucleo_144.o
 .debug_macro   0x0000000000000f7d       0x28 ./Drivers/BSP/STM32F4xx_Nucleo_144/Src/stm32f4xx_nucleo_144.o
 .debug_macro   0x0000000000000fa5       0x22 ./Drivers/BSP/STM32F4xx_Nucleo_144/Src/stm32f4xx_nucleo_144.o
 .debug_macro   0x0000000000000fc7       0x8e ./Drivers/BSP/STM32F4xx_Nucleo_144/Src/stm32f4xx_nucleo_144.o
 .debug_macro   0x0000000000001055       0x51 ./Drivers/BSP/STM32F4xx_Nucleo_144/Src/stm32f4xx_nucleo_144.o
 .debug_macro   0x00000000000010a6      0x103 ./Drivers/BSP/STM32F4xx_Nucleo_144/Src/stm32f4xx_nucleo_144.o
 .debug_macro   0x00000000000011a9       0x6a ./Drivers/BSP/STM32F4xx_Nucleo_144/Src/stm32f4xx_nucleo_144.o
 .debug_macro   0x0000000000001213      0x1df ./Drivers/BSP/STM32F4xx_Nucleo_144/Src/stm32f4xx_nucleo_144.o
 .debug_macro   0x00000000000013f2       0x1c ./Drivers/BSP/STM32F4xx_Nucleo_144/Src/stm32f4xx_nucleo_144.o
 .debug_macro   0x000000000000140e       0x22 ./Drivers/BSP/STM32F4xx_Nucleo_144/Src/stm32f4xx_nucleo_144.o
 .debug_macro   0x0000000000001430       0xd9 ./Drivers/BSP/STM32F4xx_Nucleo_144/Src/stm32f4xx_nucleo_144.o
 .debug_macro   0x0000000000001509     0x102d ./Drivers/BSP/STM32F4xx_Nucleo_144/Src/stm32f4xx_nucleo_144.o
 .debug_macro   0x0000000000002536      0x11f ./Drivers/BSP/STM32F4xx_Nucleo_144/Src/stm32f4xx_nucleo_144.o
 .debug_macro   0x0000000000002655    0x17fc0 ./Drivers/BSP/STM32F4xx_Nucleo_144/Src/stm32f4xx_nucleo_144.o
 .debug_macro   0x000000000001a615       0x6d ./Drivers/BSP/STM32F4xx_Nucleo_144/Src/stm32f4xx_nucleo_144.o
 .debug_macro   0x000000000001a682     0x36f5 ./Drivers/BSP/STM32F4xx_Nucleo_144/Src/stm32f4xx_nucleo_144.o
 .debug_macro   0x000000000001dd77      0x174 ./Drivers/BSP/STM32F4xx_Nucleo_144/Src/stm32f4xx_nucleo_144.o
 .debug_macro   0x000000000001deeb       0x5c ./Drivers/BSP/STM32F4xx_Nucleo_144/Src/stm32f4xx_nucleo_144.o
 .debug_macro   0x000000000001df47      0xca5 ./Drivers/BSP/STM32F4xx_Nucleo_144/Src/stm32f4xx_nucleo_144.o
 .debug_macro   0x000000000001ebec      0x9fe ./Drivers/BSP/STM32F4xx_Nucleo_144/Src/stm32f4xx_nucleo_144.o
 .debug_macro   0x000000000001f5ea      0x115 ./Drivers/BSP/STM32F4xx_Nucleo_144/Src/stm32f4xx_nucleo_144.o
 .debug_macro   0x000000000001f6ff      0x156 ./Drivers/BSP/STM32F4xx_Nucleo_144/Src/stm32f4xx_nucleo_144.o
 .debug_macro   0x000000000001f855       0xa5 ./Drivers/BSP/STM32F4xx_Nucleo_144/Src/stm32f4xx_nucleo_144.o
 .debug_macro   0x000000000001f8fa      0x182 ./Drivers/BSP/STM32F4xx_Nucleo_144/Src/stm32f4xx_nucleo_144.o
 .debug_macro   0x000000000001fa7c      0x287 ./Drivers/BSP/STM32F4xx_Nucleo_144/Src/stm32f4xx_nucleo_144.o
 .debug_macro   0x000000000001fd03       0x5f ./Drivers/BSP/STM32F4xx_Nucleo_144/Src/stm32f4xx_nucleo_144.o
 .debug_macro   0x000000000001fd62      0x236 ./Drivers/BSP/STM32F4xx_Nucleo_144/Src/stm32f4xx_nucleo_144.o
 .debug_macro   0x000000000001ff98      0xd44 ./Drivers/BSP/STM32F4xx_Nucleo_144/Src/stm32f4xx_nucleo_144.o
 .debug_macro   0x0000000000020cdc      0x132 ./Drivers/BSP/STM32F4xx_Nucleo_144/Src/stm32f4xx_nucleo_144.o
 .debug_macro   0x0000000000020e0e      0x41d ./Drivers/BSP/STM32F4xx_Nucleo_144/Src/stm32f4xx_nucleo_144.o
 .debug_macro   0x000000000002122b       0x2e ./Drivers/BSP/STM32F4xx_Nucleo_144/Src/stm32f4xx_nucleo_144.o
 .debug_macro   0x0000000000021259      0x11a ./Drivers/BSP/STM32F4xx_Nucleo_144/Src/stm32f4xx_nucleo_144.o
 .debug_macro   0x0000000000021373       0xe2 ./Drivers/BSP/STM32F4xx_Nucleo_144/Src/stm32f4xx_nucleo_144.o
 .debug_macro   0x0000000000021455       0x89 ./Drivers/BSP/STM32F4xx_Nucleo_144/Src/stm32f4xx_nucleo_144.o
 .debug_macro   0x00000000000214de      0x295 ./Drivers/BSP/STM32F4xx_Nucleo_144/Src/stm32f4xx_nucleo_144.o
 .debug_macro   0x0000000000021773      0x248 ./Drivers/BSP/STM32F4xx_Nucleo_144/Src/stm32f4xx_nucleo_144.o
 .debug_macro   0x00000000000219bb       0xba ./Drivers/BSP/STM32F4xx_Nucleo_144/Src/stm32f4xx_nucleo_144.o
 .debug_macro   0x0000000000021a75      0x134 ./Drivers/BSP/STM32F4xx_Nucleo_144/Src/stm32f4xx_nucleo_144.o
 .debug_macro   0x0000000000021ba9      0x135 ./Drivers/BSP/STM32F4xx_Nucleo_144/Src/stm32f4xx_nucleo_144.o
 .debug_macro   0x0000000000021cde      0x248 ./Drivers/STM32F4xx_HAL_Driver/Src/stm32f4xx_hal.o
 .debug_macro   0x0000000000021f26      0x1e8 ./Drivers/STM32F4xx_HAL_Driver/Src/stm32f4xx_hal_cortex.o
 .debug_macro   0x000000000002210e      0x2c2 ./Drivers/STM32F4xx_HAL_Driver/Src/stm32f4xx_hal_eth.o
 .debug_macro   0x00000000000223d0      0x1ee ./Drivers/STM32F4xx_HAL_Driver/Src/stm32f4xx_hal_gpio.o
 .debug_macro   0x00000000000225be      0x1f4 ./Drivers/STM32F4xx_HAL_Driver/Src/stm32f4xx_hal_pcd.o
 .debug_macro   0x00000000000227b2      0x20c ./Drivers/STM32F4xx_HAL_Driver/Src/stm32f4xx_hal_rcc.o
 .debug_macro   0x00000000000229be      0x1e9 ./Drivers/STM32F4xx_HAL_Driver/Src/stm32f4xx_hal_uart.o
 .debug_macro   0x0000000000022ba7      0x1e8 ./Drivers/STM32F4xx_HAL_Driver/Src/stm32f4xx_ll_usb.o
 .debug_macro   0x0000000000022d8f      0x2d8 ./Src/eth.o
 .debug_macro   0x0000000000023067      0x13b ./Src/eth.o
 .debug_macro   0x00000000000231a2      0x130 ./Src/eth.o
 .debug_macro   0x00000000000232d2       0x52 ./Src/eth.o
 .debug_macro   0x0000000000023324       0x1e ./Src/eth.o
 .debug_macro   0x0000000000023342       0x3c ./Src/eth.o
 .debug_macro   0x000000000002337e       0x34 ./Src/eth.o
 .debug_macro   0x00000000000233b2       0x16 ./Src/eth.o
 .debug_macro   0x00000000000233c8       0x43 ./Src/eth.o
 .debug_macro   0x000000000002340b       0x34 ./Src/eth.o
 .debug_macro   0x000000000002343f       0x10 ./Src/eth.o
 .debug_macro   0x000000000002344f       0x58 ./Src/eth.o
 .debug_macro   0x00000000000234a7       0x71 ./Src/eth.o
 .debug_macro   0x0000000000023518       0x1c ./Src/eth.o
 .debug_macro   0x0000000000023534      0x12a ./Src/eth.o
 .debug_macro   0x000000000002365e      0x341 ./Src/eth.o
 .debug_macro   0x000000000002399f       0x10 ./Src/eth.o
 .debug_macro   0x00000000000239af       0x35 ./Src/eth.o
 .debug_macro   0x00000000000239e4       0x20 ./Src/eth.o
 .debug_macro   0x0000000000023a04      0x20a ./Src/gpio.o
 .debug_macro   0x0000000000023c0e      0x22c ./Src/main.o
 .debug_macro   0x0000000000023e3a      0x200 ./Src/stm32f4xx_hal_msp.o
 .debug_macro   0x000000000002403a      0x20a ./Src/stm32f4xx_it.o
 .debug_macro   0x0000000000024244      0x1e8 ./Src/system_stm32f4xx.o
 .debug_macro   0x000000000002442c      0x20a ./Src/usart.o
 .debug_macro   0x0000000000024636      0x20a ./Src/usb_otg.o

.debug_line     0x0000000000000000     0xf1ab
 .debug_line    0x0000000000000000      0x89f ./Drivers/BSP/STM32F4xx_Nucleo_144/Src/stm32f4xx_nucleo_144.o
 .debug_line    0x000000000000089f      0xa11 ./Drivers/STM32F4xx_HAL_Driver/Src/stm32f4xx_hal.o
 .debug_line    0x00000000000012b0      0xe3b ./Drivers/STM32F4xx_HAL_Driver/Src/stm32f4xx_hal_cortex.o
 .debug_line    0x00000000000020eb     0x181f ./Drivers/STM32F4xx_HAL_Driver/Src/stm32f4xx_hal_eth.o
 .debug_line    0x000000000000390a      0xd76 ./Drivers/STM32F4xx_HAL_Driver/Src/stm32f4xx_hal_gpio.o
 .debug_line    0x0000000000004680     0x1479 ./Drivers/STM32F4xx_HAL_Driver/Src/stm32f4xx_hal_pcd.o
 .debug_line    0x0000000000005af9      0xf25 ./Drivers/STM32F4xx_HAL_Driver/Src/stm32f4xx_hal_rcc.o
 .debug_line    0x0000000000006a1e     0x2cb8 ./Drivers/STM32F4xx_HAL_Driver/Src/stm32f4xx_hal_uart.o
 .debug_line    0x00000000000096d6     0x1a84 ./Drivers/STM32F4xx_HAL_Driver/Src/stm32f4xx_ll_usb.o
 .debug_line    0x000000000000b15a      0x973 ./Src/eth.o
 .debug_line    0x000000000000bacd      0x79c ./Src/gpio.o
 .debug_line    0x000000000000c269      0x819 ./Src/main.o
 .debug_line    0x000000000000ca82      0x768 ./Src/stm32f4xx_hal_msp.o
 .debug_line    0x000000000000d1ea      0x82b ./Src/stm32f4xx_it.o
 .debug_line    0x000000000000da15      0x75c ./Src/system_stm32f4xx.o
 .debug_line    0x000000000000e171      0x7d2 ./Src/usart.o
 .debug_line    0x000000000000e943      0x7e5 ./Src/usb_otg.o
 .debug_line    0x000000000000f128       0x83 ./Startup/startup_stm32f429zitx.o

.debug_str      0x0000000000000000    0xda672
 .debug_str     0x0000000000000000    0xd2f7e ./Drivers/BSP/STM32F4xx_Nucleo_144/Src/stm32f4xx_nucleo_144.o
                                      0xd3247 (size before relaxing)
 .debug_str     0x00000000000d2f7e      0x6c9 ./Drivers/STM32F4xx_HAL_Driver/Src/stm32f4xx_hal.o
                                      0xd2d53 (size before relaxing)
 .debug_str     0x00000000000d3647      0x375 ./Drivers/STM32F4xx_HAL_Driver/Src/stm32f4xx_hal_cortex.o
                                      0xd2a3a (size before relaxing)
 .debug_str     0x00000000000d39bc     0x1900 ./Drivers/STM32F4xx_HAL_Driver/Src/stm32f4xx_hal_eth.o
                                      0xd3ab9 (size before relaxing)
 .debug_str     0x00000000000d52bc       0xbd ./Drivers/STM32F4xx_HAL_Driver/Src/stm32f4xx_hal_gpio.o
                                      0xd2299 (size before relaxing)
 .debug_str     0x00000000000d5379      0xb9e ./Drivers/STM32F4xx_HAL_Driver/Src/stm32f4xx_hal_pcd.o
                                      0xd2bcd (size before relaxing)
 .debug_str     0x00000000000d5f17      0x387 ./Drivers/STM32F4xx_HAL_Driver/Src/stm32f4xx_hal_rcc.o
                                      0xd2552 (size before relaxing)
 .debug_str     0x00000000000d629e      0xa18 ./Drivers/STM32F4xx_HAL_Driver/Src/stm32f4xx_hal_uart.o
                                      0xd2ade (size before relaxing)
 .debug_str     0x00000000000d6cb6      0x43f ./Drivers/STM32F4xx_HAL_Driver/Src/stm32f4xx_ll_usb.o
                                      0xd2a27 (size before relaxing)
 .debug_str     0x00000000000d70f5     0x334f ./Src/eth.o
                                      0xd62f0 (size before relaxing)
 .debug_str     0x00000000000da444       0x27 ./Src/gpio.o
                                      0xd2e0e (size before relaxing)
 .debug_str     0x00000000000da46b       0x72 ./Src/main.o
                                      0xd2fc1 (size before relaxing)
 .debug_str     0x00000000000da4dd       0x1b ./Src/stm32f4xx_hal_msp.o
                                      0xd2d43 (size before relaxing)
 .debug_str     0x00000000000da4f8       0xb8 ./Src/stm32f4xx_it.o
                                      0xd2cb6 (size before relaxing)
 .debug_str     0x00000000000da5b0       0x45 ./Src/system_stm32f4xx.o
                                      0xd210b (size before relaxing)
 .debug_str     0x00000000000da5f5       0x21 ./Src/usart.o
                                      0xd32a3 (size before relaxing)
 .debug_str     0x00000000000da616       0x2b ./Src/usb_otg.o
                                      0xd3249 (size before relaxing)
 .debug_str     0x00000000000da641       0x31 ./Startup/startup_stm32f429zitx.o
                                         0x86 (size before relaxing)

.comment        0x0000000000000000       0x50
 .comment       0x0000000000000000       0x50 ./Drivers/BSP/STM32F4xx_Nucleo_144/Src/stm32f4xx_nucleo_144.o
                                         0x51 (size before relaxing)
 .comment       0x0000000000000050       0x51 ./Drivers/STM32F4xx_HAL_Driver/Src/stm32f4xx_hal.o
 .comment       0x0000000000000050       0x51 ./Drivers/STM32F4xx_HAL_Driver/Src/stm32f4xx_hal_cortex.o
 .comment       0x0000000000000050       0x51 ./Drivers/STM32F4xx_HAL_Driver/Src/stm32f4xx_hal_eth.o
 .comment       0x0000000000000050       0x51 ./Drivers/STM32F4xx_HAL_Driver/Src/stm32f4xx_hal_gpio.o
 .comment       0x0000000000000050       0x51 ./Drivers/STM32F4xx_HAL_Driver/Src/stm32f4xx_hal_pcd.o
 .comment       0x0000000000000050       0x51 ./Drivers/STM32F4xx_HAL_Driver/Src/stm32f4xx_hal_rcc.o
 .comment       0x0000000000000050       0x51 ./Drivers/STM32F4xx_HAL_Driver/Src/stm32f4xx_hal_uart.o
 .comment       0x0000000000000050       0x51 ./Drivers/STM32F4xx_HAL_Driver/Src/stm32f4xx_ll_usb.o
 .comment       0x0000000000000050       0x51 ./Src/eth.o
 .comment       0x0000000000000050       0x51 ./Src/gpio.o
 .comment       0x0000000000000050       0x51 ./Src/main.o
 .comment       0x0000000000000050       0x51 ./Src/stm32f4xx_hal_msp.o
 .comment       0x0000000000000050       0x51 ./Src/stm32f4xx_it.o
 .comment       0x0000000000000050       0x51 ./Src/system_stm32f4xx.o
 .comment       0x0000000000000050       0x51 ./Src/usart.o
 .comment       0x0000000000000050       0x51 ./Src/usb_otg.o

.debug_frame    0x0000000000000000     0x3070
 .debug_frame   0x0000000000000000      0x150 ./Drivers/BSP/STM32F4xx_Nucleo_144/Src/stm32f4xx_nucleo_144.o
 .debug_frame   0x0000000000000150      0x3b4 ./Drivers/STM32F4xx_HAL_Driver/Src/stm32f4xx_hal.o
 .debug_frame   0x0000000000000504      0x494 ./Drivers/STM32F4xx_HAL_Driver/Src/stm32f4xx_hal_cortex.o
 .debug_frame   0x0000000000000998      0x8a8 ./Drivers/STM32F4xx_HAL_Driver/Src/stm32f4xx_hal_eth.o
 .debug_frame   0x0000000000001240      0x13c ./Drivers/STM32F4xx_HAL_Driver/Src/stm32f4xx_hal_gpio.o
 .debug_frame   0x000000000000137c      0x5bc ./Drivers/STM32F4xx_HAL_Driver/Src/stm32f4xx_hal_pcd.o
 .debug_frame   0x0000000000001938      0x1f8 ./Drivers/STM32F4xx_HAL_Driver/Src/stm32f4xx_hal_rcc.o
 .debug_frame   0x0000000000001b30      0x920 ./Drivers/STM32F4xx_HAL_Driver/Src/stm32f4xx_hal_uart.o
 .debug_frame   0x0000000000002450      0x7c0 ./Drivers/STM32F4xx_HAL_Driver/Src/stm32f4xx_ll_usb.o
 .debug_frame   0x0000000000002c10       0x74 ./Src/eth.o
 .debug_frame   0x0000000000002c84       0x34 ./Src/gpio.o
 .debug_frame   0x0000000000002cb8       0x90 ./Src/main.o
 .debug_frame   0x0000000000002d48       0x38 ./Src/stm32f4xx_hal_msp.o
 .debug_frame   0x0000000000002d80      0x104 ./Src/stm32f4xx_it.o
 .debug_frame   0x0000000000002e84       0x58 ./Src/system_stm32f4xx.o
 .debug_frame   0x0000000000002edc       0x74 ./Src/usart.o
 .debug_frame   0x0000000000002f50       0x74 ./Src/usb_otg.o
 .debug_frame   0x0000000000002fc4       0x2c c:/st/stm32cubeide_1.9.0/stm32cubeide/plugins/com.st.stm32cube.ide.mcu.externaltools.gnu-tools-for-stm32.10.3-2021.10.win32_1.0.0.202111181127/tools/bin/../lib/gcc/arm-none-eabi/10.3.1/../../../../arm-none-eabi/lib/thumb/v7e-m+fp/hard\libc_nano.a(lib_a-init.o)
 .debug_frame   0x0000000000002ff0       0x20 c:/st/stm32cubeide_1.9.0/stm32cubeide/plugins/com.st.stm32cube.ide.mcu.externaltools.gnu-tools-for-stm32.10.3-2021.10.win32_1.0.0.202111181127/tools/bin/../lib/gcc/arm-none-eabi/10.3.1/../../../../arm-none-eabi/lib/thumb/v7e-m+fp/hard\libc_nano.a(lib_a-memset.o)
 .debug_frame   0x0000000000003010       0x2c c:/st/stm32cubeide_1.9.0/stm32cubeide/plugins/com.st.stm32cube.ide.mcu.externaltools.gnu-tools-for-stm32.10.3-2021.10.win32_1.0.0.202111181127/tools/bin/../lib/gcc/arm-none-eabi/10.3.1/thumb/v7e-m+fp/hard\libgcc.a(_aeabi_uldivmod.o)
 .debug_frame   0x000000000000303c       0x34 c:/st/stm32cubeide_1.9.0/stm32cubeide/plugins/com.st.stm32cube.ide.mcu.externaltools.gnu-tools-for-stm32.10.3-2021.10.win32_1.0.0.202111181127/tools/bin/../lib/gcc/arm-none-eabi/10.3.1/thumb/v7e-m+fp/hard\libgcc.a(_udivmoddi4.o)
